// Jest Snapshot v1, https://goo.gl/fbAQLP

exports[`<Button /> should render the Button correctly 1`] = `
.c0 {
  display: -webkit-box;
  display: -webkit-flex;
  display: -ms-flexbox;
  display: flex;
  -webkit-box-pack: center;
  -webkit-justify-content: center;
  -ms-flex-pack: center;
  justify-content: center;
  -webkit-align-items: center;
  -webkit-box-align: center;
  -ms-flex-align: center;
  align-items: center;
  -webkit-transition: background 0.2s ease-in;
  transition: background 0.2s ease-in;
  height: 38px;
  padding: 0.375rem 1rem;
  color: #fff;
  font-size: 1rem;
  line-height: 18px;
  font-weight: 400;
  border: 1px solid transparent;
  border-radius: 0.25rem;
  background: #ff9000;
}

.c0 svg {
  margin-left: 0.25rem;
}

.c0:hover {
  background: #FFA726;
}

.c0:active {
  background: #FF6D00;
}

.c0:disabled {
  background: #FF6D00;
  opacity: 0.6;
  cursor: not-allowed;
}

<button
  class="c0"
  type="button"
>
  Salvar
   
</button>
`;
