// Jest Snapshot v1, https://goo.gl/fbAQLP

exports[`<Header /> should render the Header correctly 1`] = `
.c0 {
  display: -webkit-box;
  display: -webkit-flex;
  display: -ms-flexbox;
  display: flex;
  -webkit-align-items: center;
  -webkit-box-align: center;
  -ms-flex-align: center;
  align-items: center;
  -webkit-box-pack: justify;
  -webkit-justify-content: space-between;
  -ms-flex-pack: justify;
  justify-content: space-between;
  width: 100vw;
  height: 90px;
  padding: 0 10rem;
  border-bottom: 1px solid rgba(0,0,0,0.1);
}

.c0 .logo-name-container {
  display: -webkit-box;
  display: -webkit-flex;
  display: -ms-flexbox;
  display: flex;
}

.c0 .logo-name-container > img {
  -webkit-align-self: center;
  -ms-flex-item-align: center;
  align-self: center;
  margin-left: -40px;
  -webkit-transform: scale(0.8);
  -ms-transform: scale(0.8);
  transform: scale(0.8);
}

.c0 .logo-name-container > div {
  display: -webkit-box;
  display: -webkit-flex;
  display: -ms-flexbox;
  display: flex;
  -webkit-flex-direction: column;
  -ms-flex-direction: column;
  flex-direction: column;
  -webkit-align-items: flex-start;
  -webkit-box-align: flex-start;
  -ms-flex-align: flex-start;
  align-items: flex-start;
  -webkit-box-pack: center;
  -webkit-justify-content: center;
  -ms-flex-pack: center;
  justify-content: center;
}

.c0 .logo-name-container > div > h3 {
  color: #ff9000;
}

.c0 .input-logout-container {
  display: -webkit-box;
  display: -webkit-flex;
  display: -ms-flexbox;
  display: flex;
  -webkit-align-items: center;
  -webkit-box-align: center;
  -ms-flex-align: center;
  align-items: center;
}

.c0 .input-logout-container > button {
  background: none;
  border: none;
}

.c0 .input-logout-container > button svg {
  color: #ff9000;
}

.c1 {
  width: 180px;
  height: 35px;
  color: #424242;
  margin-right: 30px;
  border-radius: 5px;
  background: transparent;
  border: solid 1px rgba(0,0,0,0.2);
  color: rgba(0,0,0,0.5);
  font-size: 15px;
  padding: 8px;
  -webkit-transition: all 0.4s;
  transition: all 0.4s;
}

.c1:focus {
  width: 280px;
  box-shadow: 0px 0px 5px rgba(0,0,0,0.1);
}

.c1:focus::-webkit-input-placeholder {
  color: rgba(0,0,0,0.3);
}

.c1:focus::-moz-placeholder {
  color: rgba(0,0,0,0.3);
}

.c1:focus:-ms-input-placeholder {
  color: rgba(0,0,0,0.3);
}

.c1:focus::placeholder {
  color: rgba(0,0,0,0.3);
}

.c1::-webkit-input-placeholder {
  color: rgba(0,0,0,0.5);
  font-size: 15px;
}

.c1::-moz-placeholder {
  color: rgba(0,0,0,0.5);
  font-size: 15px;
}

.c1:-ms-input-placeholder {
  color: rgba(0,0,0,0.5);
  font-size: 15px;
}

.c1::placeholder {
  color: rgba(0,0,0,0.5);
  font-size: 15px;
}

@media (max-width:1024px) {
  .c0 {
    padding: 0 8rem;
  }
}

@media (max-width:768px) {
  .c0 {
    padding: 0 4rem;
  }
}

@media (max-width:540px) {
  .c0 {
    padding: 0 1rem;
    height: 70px;
  }
}

@media (max-width:360px) {
  .c0 {
    padding: 0 10px;
    height: 60px;
  }
}

@media (max-width:768px) {
  .c0 .logo-name-container h3 {
    font-size: 15px;
  }

  .c0 .logo-name-container h4 {
    font-size: 13px;
  }

  .c0 .logo-name-container img {
    -webkit-transform: scale(0.5);
    -ms-transform: scale(0.5);
    transform: scale(0.5);
    margin-left: -50px;
  }
}

@media (max-width:540px) {
  .c0 .logo-name-container h3 {
    display: none;
  }

  .c0 .logo-name-container h4 {
    display: none;
  }

  .c0 .logo-name-container img {
    -webkit-transform: scale(0.4);
    -ms-transform: scale(0.4);
    transform: scale(0.4);
  }
}

@media (max-width:540px) {
  .c0 .input-logout-container > button {
    margin-left: 10px;
    margin-right: 10px;
  }
}

@media (max-width:360px) {
  .c0 .input-logout-container > button {
    padding: 0 10px;
    margin-left: 0;
    margin-right: 10px;
  }
}

@media (max-width:1024px) {
  .c1 {
    margin-right: 30px;
  }
}

@media (max-width:768px) {
  .c1 {
    margin-right: 30px;
  }
}

@media (max-width:441px) {
  .c1 {
    width: 120px;
    margin-right: 20px;
  }

  .c1:focus {
    width: 150px;
  }
}

@media (max-width:360px) {
  .c1 {
    width: 100px;
    margin-right: 5px;
  }

  .c1:focus {
    width: 120px;
  }
}

<header
  class="c0"
>
  <div
    class="logo-name-container"
  >
    <img
      alt="logo image"
      src="logo.png"
    />
    <div>
      <h4>
        Seja bem-vindo,
      </h4>
      <h3>
        Gabriel Ferreira
      </h3>
    </div>
  </div>
  <div
    class="input-logout-container"
  >
    <input
      class="c1"
      placeholder="Pesquisar tarefas..."
      type="search"
    />
    <button
      data-testid="sign-out"
    >
      <svg
        fill="currentColor"
        height="32"
        stroke="currentColor"
        stroke-width="0"
        viewBox="0 0 24 24"
        width="32"
        xmlns="http://www.w3.org/2000/svg"
      >
        <g>
          <path
            d="M0 0h24v24H0z"
            fill="none"
          />
          <path
            d="M6.265 3.807l1.147 1.639a8 8 0 1 0 9.176 0l1.147-1.639A9.988 9.988 0 0 1 22 12c0 5.523-4.477 10-10 10S2 17.523 2 12a9.988 9.988 0 0 1 4.265-8.193zM11 12V2h2v10h-2z"
          />
        </g>
      </svg>
    </button>
  </div>
</header>
`;
