// Jest Snapshot v1, https://goo.gl/fbAQLP

exports[`<Alert /> should render the Alert correctly 1`] = `
.c2 {
  display: -webkit-box;
  display: -webkit-flex;
  display: -ms-flexbox;
  display: flex;
  -webkit-box-pack: center;
  -webkit-justify-content: center;
  -ms-flex-pack: center;
  justify-content: center;
  -webkit-align-items: center;
  -webkit-box-align: center;
  -ms-flex-align: center;
  align-items: center;
  -webkit-transition: background 0.2s ease-in;
  transition: background 0.2s ease-in;
  height: 38px;
  padding: 0.375rem 1rem;
  color: #fff;
  font-size: 1rem;
  line-height: 18px;
  font-weight: 400;
  border: 1px solid transparent;
  border-radius: 0.25rem;
  background: transparent;
  border: 1px solid #BCBCBC;
  color: #424242;
}

.c2 svg {
  margin-left: 0.25rem;
}

.c2:disabled {
  opacity: 0.6;
  cursor: not-allowed;
}

.c3 {
  display: -webkit-box;
  display: -webkit-flex;
  display: -ms-flexbox;
  display: flex;
  -webkit-box-pack: center;
  -webkit-justify-content: center;
  -ms-flex-pack: center;
  justify-content: center;
  -webkit-align-items: center;
  -webkit-box-align: center;
  -ms-flex-align: center;
  align-items: center;
  -webkit-transition: background 0.2s ease-in;
  transition: background 0.2s ease-in;
  height: 38px;
  padding: 0.375rem 1rem;
  color: #fff;
  font-size: 1rem;
  line-height: 18px;
  font-weight: 400;
  border: 1px solid transparent;
  border-radius: 0.25rem;
  background: #FF1744;
}

.c3 svg {
  margin-left: 0.25rem;
}

.c3:hover {
  background: #FF5252;
}

.c3:active {
  background: #D50000;
}

.c3:disabled {
  background: #D50000;
  opacity: 0.6;
  cursor: not-allowed;
}

.c0 {
  z-index: 1;
  position: fixed;
  top: 0;
  bottom: 0;
  left: 0;
  right: 0;
  display: -webkit-box;
  display: -webkit-flex;
  display: -ms-flexbox;
  display: flex;
  -webkit-align-items: center;
  -webkit-box-align: center;
  -ms-flex-align: center;
  align-items: center;
  -webkit-box-pack: center;
  -webkit-justify-content: center;
  -ms-flex-pack: center;
  justify-content: center;
  background: rgba(0,0,0,0.6);
  -webkit-backdrop-filter: blur(3px);
  backdrop-filter: blur(3px);
  padding: 1rem;
}

.c1 {
  z-index: 2;
  display: -webkit-box;
  display: -webkit-flex;
  display: -ms-flexbox;
  display: flex;
  -webkit-flex-direction: column;
  -ms-flex-direction: column;
  flex-direction: column;
  -webkit-align-items: center;
  -webkit-box-align: center;
  -ms-flex-align: center;
  align-items: center;
  padding: 2rem;
  gap: 1.5rem;
  width: 432px;
  height: 238px;
  background: #FFFFFF;
  border-radius: 8px;
  color: #424242;
}

.c1 h1 {
  font-size: 2rem;
  line-height: 2rem;
  font-weight: 700;
}

.c1 p {
  font-size: 1rem;
  line-height: 1.5rem;
  font-weight: 400;
  max-width: 240px;
  text-align: center;
}

.c1 div {
  display: -webkit-box;
  display: -webkit-flex;
  display: -ms-flexbox;
  display: flex;
  gap: 1rem;
}

<div
  class="c0"
>
  <div
    class="c1"
  >
    <h1>
      Deseja mesmo excluir essa tarefa?
    </h1>
    <p>
      Essa ação não poderá ser desfeita
    </p>
    <div>
      <button
        class="c2"
        color="outline"
        type="button"
      >
        Cancelar
         
      </button>
      <button
        class="c3"
        color="danger"
        type="button"
      >
        Sim, excluir
         
      </button>
    </div>
  </div>
</div>
`;
