// Jest Snapshot v1, https://goo.gl/fbAQLP

exports[`<Badge /> should render the Badge correctly 1`] = `
.c0 {
  cursor: default;
  display: inline-block;
  border-radius: 10px;
  text-align: start;
  font-weight: 700;
  font-size: 14px;
  line-height: 15px;
  height: 25px;
  color: #3498db;
  background: rgba(52,152,219,0.2);
  padding: 0.3rem 0.6rem 0.1rem;
}

<span
  class="c0"
  color="#3498db"
>
  Tarefas atuais
</span>
`;
